error: `extern` block uses type `impl Baz`, which is not FFI-safe
  --> $DIR/lint-ctypes-73251-1.rs:21:25
   |
LL |     pub fn lint_me() -> <u32 as Foo>::Assoc;
   |                         ^^^^^^^^^^^^^^^^^^^ not FFI-safe
   |
note: the lint level is defined here
  --> $DIR/lint-ctypes-73251-1.rs:2:9
   |
LL | #![deny(improper_ctypes)]
   |         ^^^^^^^^^^^^^^^
   = note: opaque types have no C equivalent
   = note: if intentionally using the unstable Rust ABI, specify it with `extern "Rust"`

error: aborting due to previous error

